[www.environmentalscience.org/index.html]
[backblue.gif]
[fade.gif]
[index.html]
[www.environmentalscience.org/wp-content/themes/environmental-science/images/arrows-ffffff.png]
[www.environmentalscience.org/wp-content/cache/min/1/fa41636f3b31ec673d34e6fd45e6270b.css]
[www.environmentalscience.org/wp-content/uploads/2014/08/favicon.png]
[www.environmentalscience.org/feed]
[www.environmentalscience.org/feed/atom]
[www.environmentalscience.org/ruxitagentjs_ICA2Vfqru_10249220905100923.js]
[www.environmentalscience.org/wp-content/plugins/wp-rocket/assets/img/youtube.png]
[www.environmentalscience.org/wp-content/themes/CherryFramework/js/jquery-1.7.2.minba3a.js]
[www.environmentalscience.org/wp-content/themes/CherryFramework/js/jquery-migrate-1.2.1.min1576.js]
[www.environmentalscience.org/wp-content/cache/min/1/wp-content/themes/CherryFramework/js/modernizr1dd4.js]
[www.environmentalscience.org/wp-content/cache/min/1/wp-content/themes/environmental-science/js/custom1dd4.js]
[www.environmentalscience.org/wp-content/themes/CherryFramework/bootstrap/js/bootstrap.mina1ec.js]
[www.environmentalscience.org/wp-json/wp/v2/pages/8.json]
[www.environmentalscience.org/wp-json/index.html]
[www.environmentalscience.org/wp-json/oembed/1.0/embed6c43.json]
[www.environmentalscience.org/wp-json/oembed/1.0/embed5e17]
[pagead2.googlesyndication.com/pagead/js/f.txt]
[www.environmentalscience.org/wp-content/cache/min/1/wp-content/themes/environmental-science/js/general1dd4.js]
[www.environmentalscience.org/wp-content/uploads/2014/07/environmental-science-logo.png]
[www.environmentalscience.org/static/static-nav.php]
[www.environmentalscience.org/static/static-social-networks.php]
[www.environmentalscience.org/degree.html]
[www.environmentalscience.org/degree/anthropology-degree.html]
[www.environmentalscience.org/degree/applied-anthropology.html]
[www.environmentalscience.org/degree/biochemistry.html]
[www.environmentalscience.org/degree/biomimicry-degrees.html]
[www.environmentalscience.org/degree/biological-science.html]
[www.environmentalscience.org/degree/environmental-biotechnology.html]
[www.environmentalscience.org/degree/chemical-engineering.html]
[www.environmentalscience.org/degree/chemistry.html]
[www.environmentalscience.org/degree/earth-science.html]
[www.environmentalscience.org/degree/environmental-biology.html]
[www.environmentalscience.org/degree/environmental-chemistry.html]
[www.environmentalscience.org/degree/environmental-engineering.html]
[www.environmentalscience.org/degree/environmental-microbiology.html]
[www.environmentalscience.org/degree/environmental-psychology.html]
[www.environmentalscience.org/degree/forensic-anthropology.html]
[www.environmentalscience.org/degree/forestry.html]
[www.environmentalscience.org/degree/gis.html]
[www.environmentalscience.org/degree/geoscience.html]
[www.environmentalscience.org/degree/geospatial-intelligence-analytics.html]
[www.environmentalscience.org/degree/geospatial-degrees.html]
[www.environmentalscience.org/degree/molecular-biology.html]
[www.environmentalscience.org/degree/sustainability.html]
[www.environmentalscience.org/environmental-studies-degree-online.html]
[www.environmentalscience.org/environmental-policy-degree-online.html]
[www.environmentalscience.org/degree/applied-economics.html]
[www.environmentalscience.org/degree/environmental-accounting.html]
[www.environmentalscience.org/degree/environmental-economist.html]
[www.environmentalscience.org/degree/environmental-education.html]
[www.environmentalscience.org/degree/environmental-mba.html]
[www.environmentalscience.org/degree/environmental-planning-design.html]
[www.environmentalscience.org/degree/environmental-sociology.html]
[www.environmentalscience.org/degree/leed-associate-program.html]
[www.environmentalscience.org/degree/mba-sustainability-compliance.html]
[www.environmentalscience.org/degree/online-masters-natural-resources.html]
[www.environmentalscience.org/degree/online-masters-in-energy-policy-and-climate.html]
[www.environmentalscience.org/degree/regulatory-science.html]
[www.environmentalscience.org/index.html]
[www.environmentalscience.org/wp-content/cache/min/1/fa41636f3b31ec673d34e6fd45e6270b.css]
[www.environmentalscience.org/wp-content/themes/CherryFramework/admin/data_management/index.html]
[www.environmentalscience.org/wp-content/themes/environmental-science/index.html]
[www.environmentalscience.org/wp-content/themes/CherryFramework/index.html]
[www.environmentalscience.org/static/static-nav.html]
[www.environmentalscience.org/static/static-social-networks.html]
[www.environmentalscience.org/degree.html]
[www.environmentalscience.org/degree/anthropology-degree.html]
[www.environmentalscience.org/degree/applied-anthropology.html]
[www.environmentalscience.org/degree/biochemistry.html]
[www.environmentalscience.org/degree/biomimicry-degrees.html]
[www.environmentalscience.org/degree/biological-science.html]
[www.environmentalscience.org/degree/environmental-biotechnology.html]
[www.environmentalscience.org/degree/chemical-engineering.html]
[www.environmentalscience.org/degree/public-administration.html]
[www.environmentalscience.org/degree/chemistry.html]
[www.environmentalscience.org/degree/earth-science.html]
[www.environmentalscience.org/degree/environmental-biology.html]
[www.environmentalscience.org/degree/environmental-chemistry.html]
[www.environmentalscience.org/degree/environmental-engineering.html]
[www.environmentalscience.org/degree/environmental-microbiology.html]
[www.environmentalscience.org/degree/environmental-psychology.html]
[www.environmentalscience.org/degree/forensic-anthropology.html]
[www.environmentalscience.org/degree/forestry.html]
[www.environmentalscience.org/degree/gis.html]
[www.environmentalscience.org/degree/geoscience.html]
[www.environmentalscience.org/degree/geospatial-intelligence-analytics.html]
[www.environmentalscience.org/degree/geospatial-degrees.html]
[www.environmentalscience.org/degree/molecular-biology.html]
[www.environmentalscience.org/degree/sustainability.html]
[www.environmentalscience.org/environmental-studies-degree-online.html]
[www.environmentalscience.org/environmental-policy-degree-online.html]
[www.environmentalscience.org/degree/applied-economics.html]
[www.environmentalscience.org/degree/environmental-accounting.html]
[www.environmentalscience.org/degree/environmental-economist.html]
[www.environmentalscience.org/degree/environmental-education.html]
[www.environmentalscience.org/degree/environmental-mba.html]
[www.environmentalscience.org/degree/environmental-planning-design.html]
[www.environmentalscience.org/degree/environmental-sociology.html]
[www.environmentalscience.org/degree/leed-associate-program.html]
[www.environmentalscience.org/degree/mba-sustainability-compliance.html]
[www.environmentalscience.org/degree/online-masters-natural-resources.html]
[www.environmentalscience.org/degree/online-masters-in-energy-policy-and-climate.html]
[www.environmentalscience.org/degree/regulatory-science.html]
[www.environmentalscience.org/degree/public-administration.html]
